user@DESKTOP-T4U0SDM MINGW64 ~
$ mkdir desktop/Hicoders/Week_6

user@DESKTOP-T4U0SDM MINGW64 ~
$ mkdir desktop/Hicoders/Week_6/git-uygulamaları

user@DESKTOP-T4U0SDM MINGW64 ~
$ git init
hint: Using 'master' as the name for the initial branch. This default branch name
hint: is subject to change. To configure the initial branch name to use in all
hint: of your new repositories, which will suppress this warning, call:
hint:
hint:   git config --global init.defaultBranch <name>
hint:
hint: Names commonly chosen instead of 'master' are 'main', 'trunk' and
hint: 'development'. The just-created branch can be renamed via this command:
hint:
hint:   git branch -m <name>
Initialized empty Git repository in C:/Users/user/.git/

user@DESKTOP-T4U0SDM MINGW64 ~ (master)
$ touch index.html

user@DESKTOP-T4U0SDM MINGW64 ~ (master)
$ nano desktop/Hicoders/Week_6/git-uygulamaları/index.html

user@DESKTOP-T4U0SDM MINGW64 ~/desktop/Hicoders/Week_6/git-uygulamaları (master)
$ git status
On branch master

No commits yet

Untracked files:
  (use "git add <file>..." to include in what will be committed)
        index.html

nothing added to commit but untracked files present (use "git add" to track)

user@DESKTOP-T4U0SDM MINGW64 ~/desktop/Hicoders/Week_6/git-uygulamaları (master)
$ git add index.html

user@DESKTOP-T4U0SDM MINGW64 ~/desktop/Hicoders/Week_6/git-uygulamaları (master)
$ git commit -m'benim ilk commit mesajım'
[master (root-commit) 066e6f6] benim ilk commit mesajım
 1 file changed, 37 insertions(+)
 create mode 100644 index.html

user@DESKTOP-T4U0SDM MINGW64 ~/desktop/Hicoders/Week_6/git-uygulamaları (master)
$ nano index.html

user@DESKTOP-T4U0SDM MINGW64 ~/desktop/Hicoders/Week_6/git-uygulamaları (master)
$ git status
On branch master
Changes not staged for commit:
  (use "git add <file>..." to update what will be committed)
  (use "git restore <file>..." to discard changes in working directory)
        modified:   index.html

Untracked files:
  (use "git add <file>..." to include in what will be committed)
        ...

no changes added to commit (use "git add" and/or "git commit -a")

user@DESKTOP-T4U0SDM MINGW64 ~/desktop/Hicoders/Week_6/git-uygulamaları (master)
$ git add index.html
warning: LF will be replaced by CRLF in index.html.
The file will have its original line endings in your working directory

user@DESKTOP-T4U0SDM MINGW64 ~/desktop/Hicoders/Week_6/git-uygulamaları (master)
$ git commit -m'ikinci commit mesajım'
[master d78646b] ikinci commit mesajım
 1 file changed, 1 insertion(+), 1 deletion(-)

user@DESKTOP-T4U0SDM MINGW64 ~/desktop/Hicoders/Week_6/git-uygulamaları (master)
$ git log >history.txt

user@DESKTOP-T4U0SDM MINGW64 ~/desktop/Hicoders/Week_6/git-uygulamaları (master)
$ git log --oneline
d78646b (HEAD -> master) ikinci commit mesajım
066e6f6 benim ilk commit mesajım

user@DESKTOP-T4U0SDM MINGW64 ~/desktop/Hicoders/Week_6/git-uygulamaları (master)
$ git checkout 066e6f6
Note: switching to '066e6f6'.

You are in 'detached HEAD' state. You can look around, make experimental
changes and commit them, and you can discard any commits you make in this
state without impacting any branches by switching back to a branch.

If you want to create a new branch to retain commits you create, you may
do so (now or later) by using -c with the switch command. Example:

  git switch -c <new-branch-name>

Or undo this operation with:

  git switch -

Turn off this advice by setting config variable advice.detachedHead to false

HEAD is now at 066e6f6 benim ilk commit mesajım

user@DESKTOP-T4U0SDM MINGW64 ~/desktop/Hicoders/Week_6/git-uygulamaları ((066e6f6...))
$ git branch yenidal

user@DESKTOP-T4U0SDM MINGW64 ~/desktop/Hicoders/Week_6/git-uygulamaları ((066e6f6...))
$ git checkout yenidal
Switched to branch 'yenidal'

user@DESKTOP-T4U0SDM MINGW64 ~/desktop/Hicoders/Week_6/git-uygulamaları (yenidal)
$ nano index.html

user@DESKTOP-T4U0SDM MINGW64 ~/desktop/Hicoders/Week_6/git-uygulamaları (yenidal)
$ git status
On branch yenidal
Changes not staged for commit:
  (use "git add <file>..." to update what will be committed)
  (use "git restore <file>..." to discard changes in working directory)
        modified:   index.html

Untracked files:
  (use "git add <file>..." to include in what will be committed)
        ...
        history.txt

no changes added to commit (use "git add" and/or "git commit -a")

user@DESKTOP-T4U0SDM MINGW64 ~/desktop/Hicoders/Week_6/git-uygulamaları (yenidal)
$ git commit -am'yenidal branch ındakı commıt mesajı'
[yenidal a0870ec] yenidal branch ındakı commıt mesajı
 1 file changed, 1 insertion(+), 1 deletion(-)

user@DESKTOP-T4U0SDM MINGW64 ~/desktop/Hicoders/Week_6/git-uygulamaları (yenidal)
$ git checkout master
Switched to branch 'master'

user@DESKTOP-T4U0SDM MINGW64 ~/desktop/Hicoders/Week_6/git-uygulamaları (master)
$

user@DESKTOP-T4U0SDM MINGW64 ~/desktop/Hicoders/Week_6/git-uygulamaları (master)
$ git checkout yenidal
Switched to branch 'yenidal'



